t17.aadl:50:02: bus_t17 (component type) cannot have subpprovided (subcomponent access)  as a feature
t17.aadl:51:02: bus_t17 (component type) cannot have subpgprovided (subcomponent access)  as a feature
t17.aadl:99:02: memory_t17 (component type) cannot have port1 (port spec)  as a feature
t17.aadl:100:02: memory_t17 (component type) cannot have port2 (port spec)  as a feature
t17.aadl:282:02: virtualbus_t17 (component type) cannot have e1 (port spec)  as a feature
t17.aadl:283:02: virtualbus_t17 (component type) cannot have e2 (port spec)  as a feature
t17.aadl:284:02: virtualbus_t17 (component type) cannot have sp1 (subcomponent access)  as a feature
t17.aadl:285:02: virtualbus_t17 (component type) cannot have sp2 (subcomponent access)  as a feature
t17.aadl:286:02: virtualbus_t17 (component type) cannot have spg1 (subcomponent access)  as a feature
t17.aadl:287:02: virtualbus_t17 (component type) cannot have spg2 (subcomponent access)  as a feature
Cannot analyze AADL specifications