example_005.aadl:16:22:  (property term) does not point to anything or to something unreachable
Cannot analyze AADL specifications
