example_022.aadl:7:08: Hardware (identifier) is not a package or a property set visible or existing
Cannot analyze AADL specifications
