t6.aadl:3:41: pkg::old_classifier_name (identifier) is not visible
Cannot analyze AADL specifications
