t4.aadl:3:06: other_package_name (identifier) is not a package or a property set visible or existing
Cannot analyze AADL specifications
