







package Test
public
  system A
  end A;

  system implementation A.impl
  end A.impl;

    annex real_specification {**

--  test_theorem

theorem test_theorem
foreach s in system_set do

check ((1 = 1));
end test_theorem;


    **};
end Test;

