test.aadl:4:17: d1 (identifier) is not visible
Cannot analyze AADL specifications
