t13.aadl:54:02: ab1 (subcomponent) points to abstrat_o_t13 (entity reference), which does not exist. Possible mispelling of abstract_o_t13
Cannot analyze AADL specifications
