test10.aadl:41:11: (pop) does not point to anything or to something unreachable.
test10.aadl:41:07: behavior variable(s) must be explicitly typed with a valid data component classifier.
Cannot analyze BEHAVIOR_SPECIFICATION specifications
