test7.aadl:48:03: "m2" conflicts with declaration at line 36
Cannot analyze BEHAVIOR_SPECIFICATION specifications
