test4.aadl:35:05: "y" conflicts with declaration at line 17
