AccessConnectionTypes.aadl:29:05: theDB.shared (entity reference)  and proc.needs (entity reference)  do not have compatible types
Cannot analyze AADL specifications
